Failed password for root from 192.168.1.10
Failed password for root from 192.168.1.10
Failed password for root from 192.168.1.10
Successful login from 192.168.1.12
Failed password for root from 192.168.1.10
Failed password for root from 192.168.1.10
